// Vitest Snapshot v1, https://vitest.dev/guide/snapshot.html

exports[`ContestsTable > matches snapshot 1`] = `
<div>
  <table
    class="w-full grid grid-cols-3"
  >
    <thead
      data-testid="table-header"
    >
      <tr>
        <th>
          Header
        </th>
      </tr>
    </thead>
    <tbody
      class="contents"
    >
      <tr
        data-testid="contest-row"
      >
        <td>
          Row 1
        </td>
      </tr>
      <tr
        data-testid="contest-row"
      >
        <td>
          Row 2
        </td>
      </tr>
    </tbody>
  </table>
</div>
`;
